// Jest Snapshot v1, https://goo.gl/fbAQLP

exports[`renders a loading message is character is not found 1`] = `
<DocumentFragment>
  <p>
    Loading
  </p>
</DocumentFragment>
`;

exports[`renders character when a character is found 1`] = `
<DocumentFragment>
  <main
    class="character-sheet character-sheet-text top-padding"
  >
    <section
      class="character-stats"
    >
      <h1
        class="character-name character-sheet-item-primary"
      >
        expected name
      </h1>
      <h5
        class="character-sheet-header refresh-header character-sheet-text"
      >
        Refresh:
      </h5>
    </section>
    <section
      class="character-stats"
    >
      <article
        class="character-sheet-item-primary"
      >
        <table
          class="padded-table"
        >
          <caption
            class="table-header"
          >
            Aspects
          </caption>
          <tbody>
            <tr>
              <td
                class="stat-name"
              >
                High Concept:
              </td>
              <td
                class="primary-stat-description"
              />
            </tr>
            <tr>
              <td
                class="stat-name"
              >
                Trouble:
              </td>
              <td
                class="primary-stat-description"
              />
            </tr>
            <tr>
              <td
                class="stat-name"
              >
                Relationship:
              </td>
              <td
                class="primary-stat-description"
              />
            </tr>
            <tr>
              <td
                class="stat-name"
              >
                Aspect One:
              </td>
              <td
                class="primary-stat-description"
              />
            </tr>
            <tr>
              <td
                class="stat-name"
              >
                Aspect Two:
              </td>
              <td
                class="primary-stat-description"
              />
            </tr>
          </tbody>
        </table>
      </article>
      <article
        class="character-sheet-item-secondary"
      >
        <table
          class="padded-table"
        >
          <caption
            class="table-header"
          >
            Approaches
          </caption>
          <tbody>
            <tr>
              <td
                class="stat-name"
              >
                Expected Approach Name:
              </td>
              <td
                class="secondary-stat-description"
              >
                expected appraoch value
              </td>
            </tr>
          </tbody>
        </table>
      </article>
    </section>
    <section
      class="character-stats"
    >
      <article
        class="character-sheet-item-primary"
      >
        <h5
          class="character-sheet-header stunt-header character-sheet-text table-header"
        >
          Stunts
        </h5>
        <ul
          class="stunt-list"
        />
      </article>
    </section>
    <section
      class="character-stats"
    >
      <article
        class="character-sheet-item-primary"
      >
        <table
          class="padded-table"
        >
          <caption
            class="table-header"
          >
            Consequences
          </caption>
          <tbody>
            <tr>
              <td
                class="stat-name"
              >
                Expected Con Name:
              </td>
              <td
                class="primary-stat-description"
              >
                expected con value
              </td>
            </tr>
          </tbody>
        </table>
      </article>
      <article
        class="character-sheet-item-secondary"
      >
        <table>
          <caption>
            Stress
          </caption>
          <tbody>
            <tr>
              <td>
                <button
                  class="stress-box "
                  type="button"
                >
                  1
                </button>
              </td>
              <td>
                <button
                  class="stress-box "
                  type="button"
                >
                  2
                </button>
              </td>
              <td>
                <button
                  class="stress-box "
                  type="button"
                >
                  3
                </button>
              </td>
            </tr>
          </tbody>
        </table>
      </article>
    </section>
  </main>
</DocumentFragment>
`;
